{"elapsed_seconds": 2.6388992889988003, "epoch": 0, "global_step": 8, "train": {"l1": 0.2340234238654375, "loss": 0.2566320803016424, "ssim": 0.3058666717261076}, "val": {"l1": 0.18541967034339904, "loss": 0.20989773392677308, "ssim": 0.3843800799051921}}
{"elapsed_seconds": 5.757048211999063, "epoch": 1, "global_step": 16, "train": {"l1": 0.1715704221278429, "loss": 0.19666989520192146, "ssim": 0.4058644510805607}, "val": {"l1": 0.14280074656009675, "loss": 0.1703423762321472, "ssim": 0.4389822502930959}}
{"elapsed_seconds": 8.668360873998608, "epoch": 2, "global_step": 24, "train": {"l1": 0.12453754898160696, "loss": 0.15374116599559784, "ssim": 0.45888877287507057}, "val": {"l1": 0.09592403709888458, "loss": 0.12745605250199635, "ssim": 0.49283177892367047}}
{"elapsed_seconds": 11.89190683200286, "epoch": 3, "global_step": 32, "train": {"l1": 0.08573683444410563, "loss": 0.11611299868673086, "ssim": 0.5247647054493427}, "val": {"l1": 0.07339498460292816, "loss": 0.1033142077922821, "ssim": 0.5540178104241689}}
{"elapsed_seconds": 14.799723616000847, "epoch": 4, "global_step": 40, "train": {"l1": 0.06596468295902014, "loss": 0.09414469078183174, "ssim": 0.5862705633044243}, "val": {"l1": 0.06103126108646393, "loss": 0.08873216450214386, "ssim": 0.6009284631411235}}
{"elapsed_seconds": 17.931299566000234, "epoch": 5, "global_step": 48, "train": {"l1": 0.0546263144351542, "loss": 0.08039653766900301, "ssim": 0.6330451518297195}, "val": {"l1": 0.05398717403411865, "loss": 0.07952320476373037, "ssim": 0.6366653641064962}}
{"elapsed_seconds": 19.706926176004345, "epoch": 6, "global_step": 50, "train": {"l1": 0.04954714514315128, "loss": 0.07388689368963242, "ssim": 0.6575082540512085}, "val": {"l1": 0.0520472197731336, "loss": 0.07732719292243322, "ssim": 0.6431058494249979}}
{
  "amp_used": false,
  "best_val_loss": 0.07732719292243322,
  "checkpoint": "experiments/EXP-003-autoencoder/cpu-smoke/checkpoints/best.pt",
  "device": "cpu",
  "diagnostic_split_acknowledged": true,
  "elapsed_seconds": 19.771117570999195,
  "epochs_completed": 7,
  "global_steps": 50,
  "gpu_used": false,
  "train_frames": 2485,
  "val_frames": 600
}
