Gym has been unmaintained since 2022 and does not support NumPy 2.0 amongst other critical functionality.
Please upgrade to Gymnasium, the maintained drop-in replacement of Gym, or contact the authors of your software and request that they upgrade.
Users of this version of Gym should be able to simply replace 'import gym' with 'import gymnasium as gym' in the vast majority of cases.
See the migration guide at https://gymnasium.farama.org/introduction/migration_guide/ for additional information.
Controls: arrow keys; ESC closes and safely finalizes the session.
first=0 steps=15 episode_steps=15 episode_return_delta=0.0 episode_return=0.0
first=0 steps=30 episode_steps=30 episode_return_delta=0.0 episode_return=0.0
first=0 steps=45 episode_steps=45 episode_return_delta=0.0 episode_return=0.0
first=0 steps=60 episode_steps=60 episode_return_delta=0.0 episode_return=0.0
first=0 steps=75 episode_steps=75 episode_return_delta=0.0 episode_return=0.0
first=0 steps=90 episode_steps=90 episode_return_delta=0.0 episode_return=0.0
first=0 steps=105 episode_steps=105 episode_return_delta=0.0 episode_return=0.0
first=0 steps=120 episode_steps=120 episode_return_delta=0.0 episode_return=0.0
first=0 steps=135 episode_steps=135 episode_return_delta=0.0 episode_return=0.0
first=0 steps=150 episode_steps=150 episode_return_delta=0.0 episode_return=0.0
first=0 steps=165 episode_steps=165 episode_return_delta=0.0 episode_return=0.0
first=0 steps=180 episode_steps=180 episode_return_delta=0.0 episode_return=0.0
first=0 steps=195 episode_steps=195 episode_return_delta=0.0 episode_return=0.0
first=0 steps=210 episode_steps=210 episode_return_delta=0.0 episode_return=0.0
first=0 steps=225 episode_steps=225 episode_return_delta=0.0 episode_return=0.0
first=0 steps=240 episode_steps=240 episode_return_delta=0.0 episode_return=0.0
first=0 steps=255 episode_steps=255 episode_return_delta=0.0 episode_return=0.0
first=0 steps=270 episode_steps=270 episode_return_delta=0.0 episode_return=0.0
first=0 steps=285 episode_steps=285 episode_return_delta=0.0 episode_return=0.0
first=0 steps=300 episode_steps=300 episode_return_delta=0.0 episode_return=0.0
first=0 steps=315 episode_steps=315 episode_return_delta=0.0 episode_return=0.0
first=0 steps=330 episode_steps=330 episode_return_delta=0.0 episode_return=0.0
first=0 steps=345 episode_steps=345 episode_return_delta=0.0 episode_return=0.0
first=0 steps=360 episode_steps=360 episode_return_delta=0.0 episode_return=0.0
first=0 steps=375 episode_steps=375 episode_return_delta=0.0 episode_return=0.0
first=0 steps=390 episode_steps=390 episode_return_delta=0.0 episode_return=0.0
first=0 steps=405 episode_steps=405 episode_return_delta=0.0 episode_return=0.0
first=0 steps=420 episode_steps=420 episode_return_delta=0.0 episode_return=0.0
first=0 steps=435 episode_steps=435 episode_return_delta=0.0 episode_return=0.0
first=0 steps=450 episode_steps=450 episode_return_delta=0.0 episode_return=0.0
first=0 steps=465 episode_steps=465 episode_return_delta=0.0 episode_return=0.0
first=0 steps=480 episode_steps=480 episode_return_delta=0.0 episode_return=0.0
first=0 steps=495 episode_steps=495 episode_return_delta=0.0 episode_return=0.0
first=0 steps=510 episode_steps=510 episode_return_delta=0.0 episode_return=0.0
first=0 steps=525 episode_steps=525 episode_return_delta=0.0 episode_return=0.0
first=0 steps=540 episode_steps=540 episode_return_delta=0.0 episode_return=0.0
first=0 steps=555 episode_steps=555 episode_return_delta=0.0 episode_return=0.0
first=0 steps=570 episode_steps=570 episode_return_delta=0.0 episode_return=0.0
first=0 steps=585 episode_steps=585 episode_return_delta=0.0 episode_return=0.0
first=0 steps=600 episode_steps=600 episode_return_delta=0.0 episode_return=0.0
first=0 steps=615 episode_steps=615 episode_return_delta=0.0 episode_return=0.0
first=0 steps=630 episode_steps=630 episode_return_delta=0.0 episode_return=0.0
first=0 steps=645 episode_steps=645 episode_return_delta=0.0 episode_return=0.0
first=0 steps=660 episode_steps=660 episode_return_delta=0.0 episode_return=0.0
first=0 steps=675 episode_steps=675 episode_return_delta=0.0 episode_return=0.0
first=0 steps=690 episode_steps=690 episode_return_delta=0.0 episode_return=0.0
first=0 steps=705 episode_steps=705 episode_return_delta=0.0 episode_return=0.0
first=0 steps=720 episode_steps=720 episode_return_delta=0.0 episode_return=0.0
first=0 steps=735 episode_steps=735 episode_return_delta=0.0 episode_return=0.0
first=0 steps=750 episode_steps=750 episode_return_delta=0.0 episode_return=0.0
first=0 steps=765 episode_steps=765 episode_return_delta=0.0 episode_return=0.0
first=0 steps=780 episode_steps=780 episode_return_delta=0.0 episode_return=0.0
first=0 steps=795 episode_steps=795 episode_return_delta=0.0 episode_return=0.0
first=0 steps=810 episode_steps=810 episode_return_delta=0.0 episode_return=0.0
first=0 steps=825 episode_steps=825 episode_return_delta=0.0 episode_return=0.0
first=0 steps=840 episode_steps=840 episode_return_delta=0.0 episode_return=0.0
first=0 steps=855 episode_steps=855 episode_return_delta=0.0 episode_return=0.0
first=0 steps=870 episode_steps=870 episode_return_delta=0.0 episode_return=0.0
first=0 steps=885 episode_steps=885 episode_return_delta=0.0 episode_return=0.0
first=0 steps=900 episode_steps=900 episode_return_delta=0.0 episode_return=0.0
first=0 steps=915 episode_steps=915 episode_return_delta=0.0 episode_return=0.0
first=0 steps=930 episode_steps=930 episode_return_delta=0.0 episode_return=0.0
first=0 steps=945 episode_steps=945 episode_return_delta=0.0 episode_return=0.0
first=0 steps=960 episode_steps=960 episode_return_delta=0.0 episode_return=0.0
first=0 steps=975 episode_steps=975 episode_return_delta=0.0 episode_return=0.0
first=0 steps=990 episode_steps=990 episode_return_delta=0.0 episode_return=0.0
saved_human_episode=data/raw/pilot_human/episode_000.h5
first=1 steps=1000 episode_steps=1000 episode_return_delta=0.0 episode_return=0.0
final info={'episode_steps': 1000, 'episode_return': 0.0, 'non_noop_actions': 0, 'prev_level_seed': 0, 'prev_level_complete': 0, 'level_seed': 0}
first=0 steps=1005 episode_steps=5 episode_return_delta=0.0 episode_return=0.0
first=0 steps=1020 episode_steps=20 episode_return_delta=0.0 episode_return=0.0
first=0 steps=1035 episode_steps=35 episode_return_delta=0.0 episode_return=0.0
first=0 steps=1050 episode_steps=50 episode_return_delta=0.0 episode_return=0.0
first=0 steps=1065 episode_steps=65 episode_return_delta=0.0 episode_return=0.0
first=0 steps=1080 episode_steps=80 episode_return_delta=0.0 episode_return=0.0
first=0 steps=1095 episode_steps=95 episode_return_delta=0.0 episode_return=0.0
first=0 steps=1110 episode_steps=110 episode_return_delta=0.0 episode_return=0.0
first=0 steps=1125 episode_steps=125 episode_return_delta=0.0 episode_return=0.0
first=0 steps=1140 episode_steps=140 episode_return_delta=0.0 episode_return=0.0
first=0 steps=1155 episode_steps=155 episode_return_delta=0.0 episode_return=0.0
first=0 steps=1170 episode_steps=170 episode_return_delta=0.0 episode_return=0.0
first=0 steps=1185 episode_steps=185 episode_return_delta=0.0 episode_return=0.0
first=0 steps=1200 episode_steps=200 episode_return_delta=0.0 episode_return=0.0
first=0 steps=1215 episode_steps=215 episode_return_delta=0.0 episode_return=0.0
first=0 steps=1230 episode_steps=230 episode_return_delta=0.0 episode_return=0.0
first=0 steps=1245 episode_steps=245 episode_return_delta=0.0 episode_return=0.0
first=0 steps=1260 episode_steps=260 episode_return_delta=0.0 episode_return=0.0
first=0 steps=1275 episode_steps=275 episode_return_delta=0.0 episode_return=0.0
first=0 steps=1290 episode_steps=290 episode_return_delta=0.0 episode_return=0.0
first=0 steps=1305 episode_steps=305 episode_return_delta=0.0 episode_return=0.0
first=0 steps=1320 episode_steps=320 episode_return_delta=0.0 episode_return=0.0
first=0 steps=1335 episode_steps=335 episode_return_delta=0.0 episode_return=0.0
first=0 steps=1350 episode_steps=350 episode_return_delta=0.0 episode_return=0.0
first=0 steps=1365 episode_steps=365 episode_return_delta=0.0 episode_return=0.0
first=0 steps=1380 episode_steps=380 episode_return_delta=0.0 episode_return=0.0
first=0 steps=1395 episode_steps=395 episode_return_delta=0.0 episode_return=0.0
first=0 steps=1410 episode_steps=410 episode_return_delta=0.0 episode_return=0.0
first=0 steps=1425 episode_steps=425 episode_return_delta=0.0 episode_return=0.0
first=0 steps=1440 episode_steps=440 episode_return_delta=0.0 episode_return=0.0
first=0 steps=1455 episode_steps=455 episode_return_delta=0.0 episode_return=0.0
first=0 steps=1470 episode_steps=470 episode_return_delta=0.0 episode_return=0.0
first=0 steps=1485 episode_steps=485 episode_return_delta=0.0 episode_return=0.0
first=0 steps=1500 episode_steps=500 episode_return_delta=0.0 episode_return=0.0
first=0 steps=1515 episode_steps=515 episode_return_delta=0.0 episode_return=0.0
first=0 steps=1530 episode_steps=530 episode_return_delta=0.0 episode_return=0.0
first=0 steps=1545 episode_steps=545 episode_return_delta=0.0 episode_return=0.0
first=0 steps=1560 episode_steps=560 episode_return_delta=0.0 episode_return=0.0
first=0 steps=1575 episode_steps=575 episode_return_delta=0.0 episode_return=0.0
first=0 steps=1590 episode_steps=590 episode_return_delta=0.0 episode_return=0.0
first=0 steps=1605 episode_steps=605 episode_return_delta=0.0 episode_return=0.0
first=0 steps=1620 episode_steps=620 episode_return_delta=0.0 episode_return=0.0
first=0 steps=1635 episode_steps=635 episode_return_delta=0.0 episode_return=0.0
first=0 steps=1650 episode_steps=650 episode_return_delta=0.0 episode_return=0.0
first=0 steps=1665 episode_steps=665 episode_return_delta=0.0 episode_return=0.0
first=0 steps=1680 episode_steps=680 episode_return_delta=0.0 episode_return=0.0
first=0 steps=1695 episode_steps=695 episode_return_delta=0.0 episode_return=0.0
first=0 steps=1710 episode_steps=710 episode_return_delta=0.0 episode_return=0.0
first=0 steps=1725 episode_steps=725 episode_return_delta=0.0 episode_return=0.0
first=0 steps=1740 episode_steps=740 episode_return_delta=0.0 episode_return=0.0
first=0 steps=1755 episode_steps=755 episode_return_delta=0.0 episode_return=0.0
saved_human_episode=data/raw/pilot_human/episode_001.h5
human_episodes_saved=2
